18 PROFESSORS WALK
--> PFI: 422335994 || EZI_ADD: 18 PROFESSORS WALK PARKVILLE 3052 || SRC_VERIF: 2024-12-16 || PROPSTATUS: A || GCODEFEAT: V || LOC_DESC:  || BLGUNTTYP:  || HSAUNITID:  || BUNIT_PRE1:  || BUNIT_ID1:  || BUNIT_SUF1:  || BUNIT_PRE2:  || BUNIT_ID2:  || BUNIT_SUF2:  || FLOOR_TYPE:  || FLOOR_NO_1:  || FLOOR_NO_2:  || BUILDING: OLD ARTS BUILDING 149 || COMPLEX:  || HSE_PREF1:  || HSE_NUM1: 18.0 || HSE_SUF1:  || HSE_PREF2:  || HSE_NUM2:  || HSE_SUF2:  || DISP_NUM1:  || ROAD_NAME: PROFESSORS || ROAD_TYPE: WALK || RD_SUF:  || LOCALITY: PARKVILLE || STATE: VIC || POSTCODE: 3052 || ACCESSTYPE: L || x: 144.96013 || y: -37.79772 || 
